g++ -Wall -Wextra -std=c++17 -I include -c src/main.cpp -o build/main.o
g++ -Wall -Wextra -std=c++17 -I include -c src/core/AuctionManager.cpp -o build/core/AuctionManager.o
g++ -Wall -Wextra -std=c++17 -I include -c src/core/BankruptcyManager.cpp -o build/core/BankruptcyManager.o
g++ -Wall -Wextra -std=c++17 -I include -c src/core/CardManager.cpp -o build/core/CardManager.o
g++ -Wall -Wextra -std=c++17 -I include -c src/core/EffectManager.cpp -o build/core/EffectManager.o
g++ -Wall -Wextra -std=c++17 -I include -c src/core/GameEngine.cpp -o build/core/GameEngine.o
g++ -Wall -Wextra -std=c++17 -I include -c src/core/PropertyManager.cpp -o build/core/PropertyManager.o
g++ -Wall -Wextra -std=c++17 -I include -c src/core/TransactionLogger.cpp -o build/core/TransactionLogger.o
g++ -Wall -Wextra -std=c++17 -I include -c src/core/TurnManager.cpp -o build/core/TurnManager.o
g++ -Wall -Wextra -std=c++17 -I include -c src/models/ActionCard.cpp -o build/models/ActionCard.o
g++ -Wall -Wextra -std=c++17 -I include -c src/models/Bank.cpp -o build/models/Bank.o
g++ -Wall -Wextra -std=c++17 -I include -c src/models/Board.cpp -o build/models/Board.o
g++ -Wall -Wextra -std=c++17 -I include -c src/models/Card.cpp -o build/models/Card.o
g++ -Wall -Wextra -std=c++17 -I include -c src/models/CardTile.cpp -o build/models/CardTile.o
g++ -Wall -Wextra -std=c++17 -I include -c src/models/ChanceCards.cpp -o build/models/ChanceCards.o
g++ -Wall -Wextra -std=c++17 -I include -c src/models/CommunityCards.cpp -o build/models/CommunityCards.o
g++ -Wall -Wextra -std=c++17 -I include -c src/models/Dice.cpp -o build/models/Dice.o
g++ -Wall -Wextra -std=c++17 -I include -c src/models/FestivalTile.cpp -o build/models/FestivalTile.o
g++ -Wall -Wextra -std=c++17 -I include -c src/models/FreeParkingTile.cpp -o build/models/FreeParkingTile.o
g++ -Wall -Wextra -std=c++17 -I include -c src/models/GameContext.cpp -o build/models/GameContext.o
g++ -Wall -Wextra -std=c++17 -I include -c src/models/GoTile.cpp -o build/models/GoTile.o
g++ -Wall -Wextra -std=c++17 -I include -c src/models/GoToJailTile.cpp -o build/models/GoToJailTile.o
g++ -Wall -Wextra -std=c++17 -I include -c src/models/JailTile.cpp -o build/models/JailTile.o
g++ -Wall -Wextra -std=c++17 -I include -c src/models/LogEntry.cpp -o build/models/LogEntry.o
g++ -Wall -Wextra -std=c++17 -I include -c src/models/Player.cpp -o build/models/Player.o
g++ -Wall -Wextra -std=c++17 -I include -c src/models/Property.cpp -o build/models/Property.o
g++ -Wall -Wextra -std=c++17 -I include -c src/models/PropertyTile.cpp -o build/models/PropertyTile.o
g++ -Wall -Wextra -std=c++17 -I include -c src/models/RailroadProperty.cpp -o build/models/RailroadProperty.o
g++ -Wall -Wextra -std=c++17 -I include -c src/models/SkillCard.cpp -o build/models/SkillCard.o
g++ -Wall -Wextra -std=c++17 -I include -c src/models/SkillCards.cpp -o build/models/SkillCards.o
g++ -Wall -Wextra -std=c++17 -I include -c src/models/StreetProperty.cpp -o build/models/StreetProperty.o
g++ -Wall -Wextra -std=c++17 -I include -c src/models/TaxTile.cpp -o build/models/TaxTile.o
g++ -Wall -Wextra -std=c++17 -I include -c src/models/Tile.cpp -o build/models/Tile.o
g++ -Wall -Wextra -std=c++17 -I include -c src/models/UtilityProperty.cpp -o build/models/UtilityProperty.o
g++ -Wall -Wextra -std=c++17 -I include -c src/utils/ConfigLoader.cpp -o build/utils/ConfigLoader.o
g++ -Wall -Wextra -std=c++17 -I include -c src/utils/GameException.cpp -o build/utils/GameException.o
g++ -Wall -Wextra -std=c++17 -I include -c src/utils/Gamestateserializer.cpp -o build/utils/Gamestateserializer.o
g++ -Wall -Wextra -std=c++17 -I include -c src/utils/Saveloadmanager.cpp -o build/utils/Saveloadmanager.o
g++ -Wall -Wextra -std=c++17 -I include -c src/views/AnsiTheme.cpp -o build/views/AnsiTheme.o
g++ -Wall -Wextra -std=c++17 -I include -c src/views/BoardRenderer.cpp -o build/views/BoardRenderer.o
g++ -Wall -Wextra -std=c++17 -I include -c src/views/CommandParser.cpp -o build/views/CommandParser.o
g++ -Wall -Wextra -std=c++17 -I include -c src/views/GameUI.cpp -o build/views/GameUI.o
g++ -Wall -Wextra -std=c++17 -I include -c src/views/UiFormatter.cpp -o build/views/UiFormatter.o
g++ -Wall -Wextra -std=c++17 -I include build/main.o build/core/AuctionManager.o build/core/BankruptcyManager.o build/core/CardManager.o build/core/EffectManager.o build/core/GameEngine.o build/core/PropertyManager.o build/core/TransactionLogger.o build/core/TurnManager.o build/models/ActionCard.o build/models/Bank.o build/models/Board.o build/models/Card.o build/models/CardTile.o build/models/ChanceCards.o build/models/CommunityCards.o build/models/Dice.o build/models/FestivalTile.o build/models/FreeParkingTile.o build/models/GameContext.o build/models/GoTile.o build/models/GoToJailTile.o build/models/JailTile.o build/models/LogEntry.o build/models/Player.o build/models/Property.o build/models/PropertyTile.o build/models/RailroadProperty.o build/models/SkillCard.o build/models/SkillCards.o build/models/StreetProperty.o build/models/TaxTile.o build/models/Tile.o build/models/UtilityProperty.o build/utils/ConfigLoader.o build/utils/GameException.o build/utils/Gamestateserializer.o build/utils/Saveloadmanager.o build/views/AnsiTheme.o build/views/BoardRenderer.o build/views/CommandParser.o build/views/GameUI.o build/views/UiFormatter.o  -o bin/game.exe
make : C:/Strawberry/c/bin/../lib/gcc/x86_64-w64-mingw32/13.1.0/../../../../x86_64-w64-mingw32/bin/ld.exe: cannot open 
output file bin/game.exe: Permission denied
At line:1 char:1
+ make all 2>&1 | Out-File -Encoding utf8 -FilePath build_errors.txt; G ...
+ ~~~~~~~~~~~~~
    + CategoryInfo          : NotSpecified: (C:/Strawberry/c...rmission denied:String) [], RemoteException
    + FullyQualifiedErrorId : NativeCommandError
 
collect2.exe: error: ld returned 1 exit status
mingw32-make: *** [makefile:93: bin/game.exe] Error 1
